<amp-img src="https://upload.wikimedia.org/wikipedia/commons/8/8a/Carnegie_Hall_Tower.JPG" width="1920" height="2560" layout="responsive"></amp-img>
